Archive member included because of file (symbol)

/opt/Freescale/KDS_v3/toolchain/bin/../lib/gcc/arm-none-eabi/4.8.4/../../../../arm-none-eabi/lib/armv6-m/libg_s.a(lib_a-exit.o)
                              /opt/Freescale/KDS_v3/toolchain/bin/../lib/gcc/arm-none-eabi/4.8.4/../../../../arm-none-eabi/lib/armv6-m/crt0.o (exit)
/opt/Freescale/KDS_v3/toolchain/bin/../lib/gcc/arm-none-eabi/4.8.4/../../../../arm-none-eabi/lib/armv6-m/libg_s.a(lib_a-impure.o)
                              /opt/Freescale/KDS_v3/toolchain/bin/../lib/gcc/arm-none-eabi/4.8.4/../../../../arm-none-eabi/lib/armv6-m/libg_s.a(lib_a-exit.o) (_global_impure_ptr)
/opt/Freescale/KDS_v3/toolchain/bin/../lib/gcc/arm-none-eabi/4.8.4/../../../../arm-none-eabi/lib/armv6-m/libg_s.a(lib_a-init.o)
                              /opt/Freescale/KDS_v3/toolchain/bin/../lib/gcc/arm-none-eabi/4.8.4/../../../../arm-none-eabi/lib/armv6-m/crt0.o (__libc_init_array)
/opt/Freescale/KDS_v3/toolchain/bin/../lib/gcc/arm-none-eabi/4.8.4/../../../../arm-none-eabi/lib/armv6-m/libg_s.a(lib_a-memcpy-stub.o)
                              ./Static_Code/System/CPU_Init.o (memcpy)
/opt/Freescale/KDS_v3/toolchain/bin/../lib/gcc/arm-none-eabi/4.8.4/../../../../arm-none-eabi/lib/armv6-m/libg_s.a(lib_a-memset.o)
                              /opt/Freescale/KDS_v3/toolchain/bin/../lib/gcc/arm-none-eabi/4.8.4/../../../../arm-none-eabi/lib/armv6-m/crt0.o (memset)
/opt/Freescale/KDS_v3/toolchain/bin/../lib/gcc/arm-none-eabi/4.8.4/../../../../arm-none-eabi/lib/armv6-m/libnosys.a(_exit.o)
                              /opt/Freescale/KDS_v3/toolchain/bin/../lib/gcc/arm-none-eabi/4.8.4/../../../../arm-none-eabi/lib/armv6-m/libg_s.a(lib_a-exit.o) (_exit)

Allocating common symbols
Common symbol       size              file

InpData             0x8               ./Sources/main.o
MyCANPtr            0x4               ./Sources/main.o
Frame               0x14              ./Sources/main.o
DataFrameTxFlg      0x1               ./Sources/main.o
SR_reg              0x1               ./Static_Code/System/CPU_Init.o
Error               0x2               ./Sources/main.o

Discarded input sections

 .text          0x00000000        0x0 /opt/Freescale/KDS_v3/toolchain/bin/../lib/gcc/arm-none-eabi/4.8.4/armv6-m/crti.o
 .data          0x00000000        0x0 /opt/Freescale/KDS_v3/toolchain/bin/../lib/gcc/arm-none-eabi/4.8.4/armv6-m/crti.o
 .bss           0x00000000        0x0 /opt/Freescale/KDS_v3/toolchain/bin/../lib/gcc/arm-none-eabi/4.8.4/armv6-m/crti.o
 .data          0x00000000        0x4 /opt/Freescale/KDS_v3/toolchain/bin/../lib/gcc/arm-none-eabi/4.8.4/armv6-m/crtbegin.o
 .data          0x00000000        0x0 /opt/Freescale/KDS_v3/toolchain/bin/../lib/gcc/arm-none-eabi/4.8.4/../../../../arm-none-eabi/lib/armv6-m/crt0.o
 .bss           0x00000000        0x0 /opt/Freescale/KDS_v3/toolchain/bin/../lib/gcc/arm-none-eabi/4.8.4/../../../../arm-none-eabi/lib/armv6-m/crt0.o
 .ARM.extab     0x00000000        0x0 /opt/Freescale/KDS_v3/toolchain/bin/../lib/gcc/arm-none-eabi/4.8.4/../../../../arm-none-eabi/lib/armv6-m/crt0.o
 .group         0x00000000        0x8 ./Static_Code/System/CPU_Init.o
 .group         0x00000000        0x8 ./Static_Code/System/CPU_Init.o
 .group         0x00000000        0x8 ./Static_Code/System/CPU_Init.o
 .group         0x00000000        0x8 ./Static_Code/System/CPU_Init.o
 .group         0x00000000        0x8 ./Static_Code/System/CPU_Init.o
 .group         0x00000000        0x8 ./Static_Code/System/CPU_Init.o
 .group         0x00000000        0x8 ./Static_Code/System/CPU_Init.o
 .group         0x00000000        0x8 ./Static_Code/System/CPU_Init.o
 .group         0x00000000        0x8 ./Static_Code/System/CPU_Init.o
 .group         0x00000000        0x8 ./Static_Code/System/CPU_Init.o
 .group         0x00000000        0x8 ./Static_Code/System/CPU_Init.o
 .group         0x00000000        0x8 ./Static_Code/System/CPU_Init.o
 .group         0x00000000        0x8 ./Static_Code/System/CPU_Init.o
 .text          0x00000000        0x0 ./Static_Code/System/CPU_Init.o
 .data          0x00000000        0x0 ./Static_Code/System/CPU_Init.o
 .bss           0x00000000        0x0 ./Static_Code/System/CPU_Init.o
 .bss.ClockConfigurationID
                0x00000000        0x1 ./Static_Code/System/CPU_Init.o
 .group         0x00000000        0x8 ./Static_Code/System/Peripherals_Init.o
 .group         0x00000000        0x8 ./Static_Code/System/Peripherals_Init.o
 .group         0x00000000        0x8 ./Static_Code/System/Peripherals_Init.o
 .group         0x00000000        0x8 ./Static_Code/System/Peripherals_Init.o
 .group         0x00000000        0x8 ./Static_Code/System/Peripherals_Init.o
 .group         0x00000000        0x8 ./Static_Code/System/Peripherals_Init.o
 .text          0x00000000        0x0 ./Static_Code/System/Peripherals_Init.o
 .data          0x00000000        0x0 ./Static_Code/System/Peripherals_Init.o
 .bss           0x00000000        0x0 ./Static_Code/System/Peripherals_Init.o
 .text.Peripherals_Init
                0x00000000        0x8 ./Static_Code/System/Peripherals_Init.o
 .debug_info    0x00000000       0x96 ./Static_Code/System/Peripherals_Init.o
 .debug_abbrev  0x00000000       0x45 ./Static_Code/System/Peripherals_Init.o
 .debug_aranges
                0x00000000       0x20 ./Static_Code/System/Peripherals_Init.o
 .debug_ranges  0x00000000       0x10 ./Static_Code/System/Peripherals_Init.o
 .debug_macro   0x00000000       0x82 ./Static_Code/System/Peripherals_Init.o
 .debug_macro   0x00000000      0x802 ./Static_Code/System/Peripherals_Init.o
 .debug_macro   0x00000000       0x16 ./Static_Code/System/Peripherals_Init.o
 .debug_macro   0x00000000       0x44 ./Static_Code/System/Peripherals_Init.o
 .debug_macro   0x00000000      0x209 ./Static_Code/System/Peripherals_Init.o
 .debug_macro   0x00000000     0x158b ./Static_Code/System/Peripherals_Init.o
 .debug_macro   0x00000000      0x2d6 ./Static_Code/System/Peripherals_Init.o
 .debug_line    0x00000000      0x20c ./Static_Code/System/Peripherals_Init.o
 .debug_str     0x00000000     0xa075 ./Static_Code/System/Peripherals_Init.o
 .comment       0x00000000       0x71 ./Static_Code/System/Peripherals_Init.o
 .ARM.attributes
                0x00000000       0x32 ./Static_Code/System/Peripherals_Init.o
 .debug_frame   0x00000000       0x2c ./Static_Code/System/Peripherals_Init.o
 .group         0x00000000        0x8 ./Static_Code/System/Vectors.o
 .group         0x00000000        0x8 ./Static_Code/System/Vectors.o
 .group         0x00000000        0x8 ./Static_Code/System/Vectors.o
 .group         0x00000000        0x8 ./Static_Code/System/Vectors.o
 .group         0x00000000        0x8 ./Static_Code/System/Vectors.o
 .group         0x00000000        0x8 ./Static_Code/System/Vectors.o
 .group         0x00000000        0x8 ./Static_Code/System/Vectors.o
 .group         0x00000000        0x8 ./Static_Code/System/Vectors.o
 .group         0x00000000        0x8 ./Static_Code/System/Vectors.o
 .group         0x00000000        0x8 ./Static_Code/System/Vectors.o
 .group         0x00000000        0x8 ./Static_Code/System/Vectors.o
 .group         0x00000000        0x8 ./Static_Code/System/Vectors.o
 .group         0x00000000        0x8 ./Static_Code/System/Vectors.o
 .group         0x00000000        0x8 ./Static_Code/System/Vectors.o
 .group         0x00000000        0x8 ./Static_Code/System/Vectors.o
 .text          0x00000000        0x0 ./Static_Code/System/Vectors.o
 .data          0x00000000        0x0 ./Static_Code/System/Vectors.o
 .bss           0x00000000        0x0 ./Static_Code/System/Vectors.o
 .text.Unhandled_ivINT_NMI
                0x00000000        0xc ./Static_Code/System/Vectors.o
 .text.Unhandled_ivINT_Hard_Fault
                0x00000000        0xc ./Static_Code/System/Vectors.o
 .text.Unhandled_ivINT_Reserved4
                0x00000000        0xc ./Static_Code/System/Vectors.o
 .text.Unhandled_ivINT_Reserved5
                0x00000000        0xc ./Static_Code/System/Vectors.o
 .text.Unhandled_ivINT_Reserved6
                0x00000000        0xc ./Static_Code/System/Vectors.o
 .text.Unhandled_ivINT_Reserved7
                0x00000000        0xc ./Static_Code/System/Vectors.o
 .text.Unhandled_ivINT_Reserved8
                0x00000000        0xc ./Static_Code/System/Vectors.o
 .text.Unhandled_ivINT_Reserved9
                0x00000000        0xc ./Static_Code/System/Vectors.o
 .text.Unhandled_ivINT_Reserved10
                0x00000000        0xc ./Static_Code/System/Vectors.o
 .text.Unhandled_ivINT_SVCall
                0x00000000        0xc ./Static_Code/System/Vectors.o
 .text.Unhandled_ivINT_Reserved12
                0x00000000        0xc ./Static_Code/System/Vectors.o
 .text.Unhandled_ivINT_Reserved13
                0x00000000        0xc ./Static_Code/System/Vectors.o
 .text.Unhandled_ivINT_PendableSrvReq
                0x00000000        0xc ./Static_Code/System/Vectors.o
 .text.Unhandled_ivINT_SysTick
                0x00000000        0xc ./Static_Code/System/Vectors.o
 .text.Unhandled_ivINT_Reserved16
                0x00000000        0xc ./Static_Code/System/Vectors.o
 .text.Unhandled_ivINT_Reserved17
                0x00000000        0xc ./Static_Code/System/Vectors.o
 .text.Unhandled_ivINT_Reserved18
                0x00000000        0xc ./Static_Code/System/Vectors.o
 .text.Unhandled_ivINT_Reserved19
                0x00000000        0xc ./Static_Code/System/Vectors.o
 .text.Unhandled_ivINT_Reserved20
                0x00000000        0xc ./Static_Code/System/Vectors.o
 .text.Unhandled_ivINT_FTMRE
                0x00000000        0xc ./Static_Code/System/Vectors.o
 .text.Unhandled_ivINT_LVD_LLW
                0x00000000        0xc ./Static_Code/System/Vectors.o
 .text.Unhandled_ivINT_IRQ
                0x00000000        0xc ./Static_Code/System/Vectors.o
 .text.Unhandled_ivINT_I2C0
                0x00000000        0xc ./Static_Code/System/Vectors.o
 .text.Unhandled_ivINT_I2C1
                0x00000000        0xc ./Static_Code/System/Vectors.o
 .text.Unhandled_ivINT_SPI0
                0x00000000        0xc ./Static_Code/System/Vectors.o
 .text.Unhandled_ivINT_SPI1
                0x00000000        0xc ./Static_Code/System/Vectors.o
 .text.Unhandled_ivINT_UART0
                0x00000000        0xc ./Static_Code/System/Vectors.o
 .text.Unhandled_ivINT_UART1
                0x00000000        0xc ./Static_Code/System/Vectors.o
 .text.Unhandled_ivINT_UART2
                0x00000000        0xc ./Static_Code/System/Vectors.o
 .text.Unhandled_ivINT_ADC0
                0x00000000        0xc ./Static_Code/System/Vectors.o
 .text.Unhandled_ivINT_ACMP0
                0x00000000        0xc ./Static_Code/System/Vectors.o
 .text.Unhandled_ivINT_FTM0
                0x00000000        0xc ./Static_Code/System/Vectors.o
 .text.Unhandled_ivINT_FTM1
                0x00000000        0xc ./Static_Code/System/Vectors.o
 .text.Unhandled_ivINT_FTM2
                0x00000000        0xc ./Static_Code/System/Vectors.o
 .text.Unhandled_ivINT_RTC
                0x00000000        0xc ./Static_Code/System/Vectors.o
 .text.Unhandled_ivINT_ACMP1
                0x00000000        0xc ./Static_Code/System/Vectors.o
 .text.Unhandled_ivINT_PIT_CH0
                0x00000000        0xc ./Static_Code/System/Vectors.o
 .text.Unhandled_ivINT_PIT_CH1
                0x00000000        0xc ./Static_Code/System/Vectors.o
 .text.Unhandled_ivINT_KBI0
                0x00000000        0xc ./Static_Code/System/Vectors.o
 .text.Unhandled_ivINT_KBI1
                0x00000000        0xc ./Static_Code/System/Vectors.o
 .text.Unhandled_ivINT_Reserved42
                0x00000000        0xc ./Static_Code/System/Vectors.o
 .text.Unhandled_ivINT_ICS
                0x00000000        0xc ./Static_Code/System/Vectors.o
 .text.Unhandled_ivINT_WDOG_EWM
                0x00000000        0xc ./Static_Code/System/Vectors.o
 .text.Unhandled_ivINT_PWT
                0x00000000        0xc ./Static_Code/System/Vectors.o
 .text.Unhandled_ivINT_MSCAN_RX
                0x00000000        0xc ./Static_Code/System/Vectors.o
 .text.Unhandled_ivINT_MSCAN_TX
                0x00000000        0xc ./Static_Code/System/Vectors.o
 .debug_macro   0x00000000      0x802 ./Static_Code/System/Vectors.o
 .debug_macro   0x00000000       0x16 ./Static_Code/System/Vectors.o
 .debug_macro   0x00000000       0x44 ./Static_Code/System/Vectors.o
 .debug_macro   0x00000000      0x209 ./Static_Code/System/Vectors.o
 .debug_macro   0x00000000     0x158b ./Static_Code/System/Vectors.o
 .debug_macro   0x00000000      0x2d6 ./Static_Code/System/Vectors.o
 .debug_macro   0x00000000      0x14e ./Static_Code/System/Vectors.o
 .debug_macro   0x00000000       0x5e ./Static_Code/System/Vectors.o
 .debug_macro   0x00000000     0x539e ./Static_Code/System/Vectors.o
 .debug_macro   0x00000000       0x58 ./Static_Code/System/Vectors.o
 .debug_macro   0x00000000       0x35 ./Static_Code/System/Vectors.o
 .debug_macro   0x00000000       0xa3 ./Static_Code/System/Vectors.o
 .debug_macro   0x00000000       0x16 ./Static_Code/System/Vectors.o
 .group         0x00000000        0x8 ./Sources/Events.o
 .group         0x00000000        0x8 ./Sources/Events.o
 .group         0x00000000        0x8 ./Sources/Events.o
 .group         0x00000000        0x8 ./Sources/Events.o
 .group         0x00000000        0x8 ./Sources/Events.o
 .group         0x00000000        0x8 ./Sources/Events.o
 .group         0x00000000        0x8 ./Sources/Events.o
 .group         0x00000000        0x8 ./Sources/Events.o
 .group         0x00000000        0x8 ./Sources/Events.o
 .group         0x00000000        0x8 ./Sources/Events.o
 .group         0x00000000        0x8 ./Sources/Events.o
 .group         0x00000000        0x8 ./Sources/Events.o
 .group         0x00000000        0x8 ./Sources/Events.o
 .group         0x00000000        0x8 ./Sources/Events.o
 .group         0x00000000        0x8 ./Sources/Events.o
 .group         0x00000000        0x8 ./Sources/Events.o
 .group         0x00000000        0x8 ./Sources/Events.o
 .group         0x00000000        0x8 ./Sources/Events.o
 .group         0x00000000        0x8 ./Sources/Events.o
 .group         0x00000000        0x8 ./Sources/Events.o
 .group         0x00000000        0x8 ./Sources/Events.o
 .group         0x00000000        0x8 ./Sources/Events.o
 .group         0x00000000        0x8 ./Sources/Events.o
 .group         0x00000000        0x8 ./Sources/Events.o
 .group         0x00000000        0x8 ./Sources/Events.o
 .group         0x00000000        0x8 ./Sources/Events.o
 .group         0x00000000        0x8 ./Sources/Events.o
 .group         0x00000000        0x8 ./Sources/Events.o
 .group         0x00000000        0x8 ./Sources/Events.o
 .group         0x00000000        0x8 ./Sources/Events.o
 .group         0x00000000        0x8 ./Sources/Events.o
 .group         0x00000000        0x8 ./Sources/Events.o
 .group         0x00000000        0x8 ./Sources/Events.o
 .group         0x00000000        0x8 ./Sources/Events.o
 .group         0x00000000        0x8 ./Sources/Events.o
 .group         0x00000000        0x8 ./Sources/Events.o
 .group         0x00000000        0x8 ./Sources/Events.o
 .text          0x00000000        0x0 ./Sources/Events.o
 .data          0x00000000        0x0 ./Sources/Events.o
 .bss           0x00000000        0x0 ./Sources/Events.o
 .debug_macro   0x00000000      0x802 ./Sources/Events.o
 .debug_macro   0x00000000       0x16 ./Sources/Events.o
 .debug_macro   0x00000000       0x44 ./Sources/Events.o
 .debug_macro   0x00000000      0x209 ./Sources/Events.o
 .debug_macro   0x00000000     0x158b ./Sources/Events.o
 .debug_macro   0x00000000      0x14e ./Sources/Events.o
 .debug_macro   0x00000000       0x5e ./Sources/Events.o
 .debug_macro   0x00000000     0x539e ./Sources/Events.o
 .debug_macro   0x00000000       0x58 ./Sources/Events.o
 .debug_macro   0x00000000       0x35 ./Sources/Events.o
 .debug_macro   0x00000000       0xa3 ./Sources/Events.o
 .debug_macro   0x00000000       0x16 ./Sources/Events.o
 .debug_macro   0x00000000      0x2d6 ./Sources/Events.o
 .group         0x00000000        0x8 ./Sources/main.o
 .group         0x00000000        0x8 ./Sources/main.o
 .group         0x00000000        0x8 ./Sources/main.o
 .group         0x00000000        0x8 ./Sources/main.o
 .group         0x00000000        0x8 ./Sources/main.o
 .group         0x00000000        0x8 ./Sources/main.o
 .group         0x00000000        0x8 ./Sources/main.o
 .group         0x00000000        0x8 ./Sources/main.o
 .group         0x00000000        0x8 ./Sources/main.o
 .group         0x00000000        0x8 ./Sources/main.o
 .group         0x00000000        0x8 ./Sources/main.o
 .group         0x00000000        0x8 ./Sources/main.o
 .group         0x00000000        0x8 ./Sources/main.o
 .group         0x00000000        0x8 ./Sources/main.o
 .group         0x00000000        0x8 ./Sources/main.o
 .group         0x00000000        0x8 ./Sources/main.o
 .group         0x00000000        0x8 ./Sources/main.o
 .group         0x00000000        0x8 ./Sources/main.o
 .group         0x00000000        0x8 ./Sources/main.o
 .group         0x00000000        0x8 ./Sources/main.o
 .group         0x00000000        0x8 ./Sources/main.o
 .group         0x00000000        0x8 ./Sources/main.o
 .group         0x00000000        0x8 ./Sources/main.o
 .group         0x00000000        0x8 ./Sources/main.o
 .group         0x00000000        0x8 ./Sources/main.o
 .group         0x00000000        0x8 ./Sources/main.o
 .group         0x00000000        0x8 ./Sources/main.o
 .group         0x00000000        0x8 ./Sources/main.o
 .group         0x00000000        0x8 ./Sources/main.o
 .group         0x00000000        0x8 ./Sources/main.o
 .group         0x00000000        0x8 ./Sources/main.o
 .group         0x00000000        0x8 ./Sources/main.o
 .group         0x00000000        0x8 ./Sources/main.o
 .group         0x00000000        0x8 ./Sources/main.o
 .group         0x00000000        0x8 ./Sources/main.o
 .group         0x00000000        0x8 ./Sources/main.o
 .group         0x00000000        0x8 ./Sources/main.o
 .text          0x00000000        0x0 ./Sources/main.o
 .data          0x00000000        0x0 ./Sources/main.o
 .bss           0x00000000        0x0 ./Sources/main.o
 .bss.i         0x00000000        0x4 ./Sources/main.o
 .bss.j         0x00000000        0x4 ./Sources/main.o
 .debug_macro   0x00000000      0x802 ./Sources/main.o
 .debug_macro   0x00000000       0x16 ./Sources/main.o
 .debug_macro   0x00000000       0x44 ./Sources/main.o
 .debug_macro   0x00000000      0x209 ./Sources/main.o
 .debug_macro   0x00000000     0x158b ./Sources/main.o
 .debug_macro   0x00000000      0x14e ./Sources/main.o
 .debug_macro   0x00000000       0x5e ./Sources/main.o
 .debug_macro   0x00000000     0x539e ./Sources/main.o
 .debug_macro   0x00000000       0x58 ./Sources/main.o
 .debug_macro   0x00000000       0x35 ./Sources/main.o
 .debug_macro   0x00000000       0xa3 ./Sources/main.o
 .debug_macro   0x00000000       0x16 ./Sources/main.o
 .debug_macro   0x00000000      0x2d6 ./Sources/main.o
 .debug_macro   0x00000000       0x94 ./Sources/main.o
 .debug_macro   0x00000000      0x5c9 ./Sources/main.o
 .debug_macro   0x00000000      0x2d3 ./Sources/main.o
 .debug_macro   0x00000000      0x109 ./Sources/main.o
 .debug_macro   0x00000000      0x6a6 ./Sources/main.o
 .debug_macro   0x00000000      0x223 ./Sources/main.o
 .debug_macro   0x00000000      0x132 ./Sources/main.o
 .debug_macro   0x00000000      0x299 ./Sources/main.o
 .debug_macro   0x00000000       0x65 ./Sources/main.o
 .debug_macro   0x00000000      0x20f ./Sources/main.o
 .debug_macro   0x00000000      0x13f ./Sources/main.o
 .debug_macro   0x00000000      0x63a ./Sources/main.o
 .debug_macro   0x00000000     0x266f ./Sources/main.o
 .debug_macro   0x00000000       0xbb ./Sources/main.o
 .debug_macro   0x00000000       0xe9 ./Sources/main.o
 .debug_macro   0x00000000      0x4ea ./Sources/main.o
 .debug_macro   0x00000000      0x13a ./Sources/main.o
 .debug_macro   0x00000000       0xb8 ./Sources/main.o
 .debug_macro   0x00000000      0x179 ./Sources/main.o
 .debug_macro   0x00000000      0x987 ./Sources/main.o
 .debug_macro   0x00000000      0x648 ./Sources/main.o
 .debug_macro   0x00000000       0x86 ./Sources/main.o
 .debug_macro   0x00000000      0x7b8 ./Sources/main.o
 .debug_macro   0x00000000      0x162 ./Sources/main.o
 .group         0x00000000        0x8 ./Project_Settings/Startup_Code/startup.o
 .group         0x00000000        0x8 ./Project_Settings/Startup_Code/startup.o
 .group         0x00000000        0x8 ./Project_Settings/Startup_Code/startup.o
 .group         0x00000000        0x8 ./Project_Settings/Startup_Code/startup.o
 .group         0x00000000        0x8 ./Project_Settings/Startup_Code/startup.o
 .group         0x00000000        0x8 ./Project_Settings/Startup_Code/startup.o
 .group         0x00000000        0x8 ./Project_Settings/Startup_Code/startup.o
 .group         0x00000000        0x8 ./Project_Settings/Startup_Code/startup.o
 .group         0x00000000        0x8 ./Project_Settings/Startup_Code/startup.o
 .group         0x00000000        0x8 ./Project_Settings/Startup_Code/startup.o
 .group         0x00000000        0x8 ./Project_Settings/Startup_Code/startup.o
 .group         0x00000000        0x8 ./Project_Settings/Startup_Code/startup.o
 .group         0x00000000        0x8 ./Project_Settings/Startup_Code/startup.o
 .group         0x00000000        0x8 ./Project_Settings/Startup_Code/startup.o
 .group         0x00000000        0x8 ./Project_Settings/Startup_Code/startup.o
 .group         0x00000000        0x8 ./Project_Settings/Startup_Code/startup.o
 .group         0x00000000        0x8 ./Project_Settings/Startup_Code/startup.o
 .group         0x00000000        0x8 ./Project_Settings/Startup_Code/startup.o
 .group         0x00000000        0x8 ./Project_Settings/Startup_Code/startup.o
 .text          0x00000000        0x0 ./Project_Settings/Startup_Code/startup.o
 .data          0x00000000        0x0 ./Project_Settings/Startup_Code/startup.o
 .bss           0x00000000        0x0 ./Project_Settings/Startup_Code/startup.o
 .text.__init_hardware
                0x00000000        0x8 ./Project_Settings/Startup_Code/startup.o
 .text.__iar_program_start
                0x00000000        0xc ./Project_Settings/Startup_Code/startup.o
 .debug_macro   0x00000000      0x802 ./Project_Settings/Startup_Code/startup.o
 .debug_macro   0x00000000       0x58 ./Project_Settings/Startup_Code/startup.o
 .debug_macro   0x00000000       0x16 ./Project_Settings/Startup_Code/startup.o
 .debug_macro   0x00000000       0x35 ./Project_Settings/Startup_Code/startup.o
 .debug_macro   0x00000000       0xa3 ./Project_Settings/Startup_Code/startup.o
 .group         0x00000000        0x8 ./Generated_Code/CAN1.o
 .group         0x00000000        0x8 ./Generated_Code/CAN1.o
 .group         0x00000000        0x8 ./Generated_Code/CAN1.o
 .group         0x00000000        0x8 ./Generated_Code/CAN1.o
 .group         0x00000000        0x8 ./Generated_Code/CAN1.o
 .group         0x00000000        0x8 ./Generated_Code/CAN1.o
 .group         0x00000000        0x8 ./Generated_Code/CAN1.o
 .group         0x00000000        0x8 ./Generated_Code/CAN1.o
 .group         0x00000000        0x8 ./Generated_Code/CAN1.o
 .group         0x00000000        0x8 ./Generated_Code/CAN1.o
 .group         0x00000000        0x8 ./Generated_Code/CAN1.o
 .group         0x00000000        0x8 ./Generated_Code/CAN1.o
 .group         0x00000000        0x8 ./Generated_Code/CAN1.o
 .group         0x00000000        0x8 ./Generated_Code/CAN1.o
 .group         0x00000000        0x8 ./Generated_Code/CAN1.o
 .text          0x00000000        0x0 ./Generated_Code/CAN1.o
 .data          0x00000000        0x0 ./Generated_Code/CAN1.o
 .bss           0x00000000        0x0 ./Generated_Code/CAN1.o
 .text.CAN1_SetRxIDFilterTable
                0x00000000       0x98 ./Generated_Code/CAN1.o
 .debug_macro   0x00000000      0x802 ./Generated_Code/CAN1.o
 .debug_macro   0x00000000       0x16 ./Generated_Code/CAN1.o
 .debug_macro   0x00000000       0x44 ./Generated_Code/CAN1.o
 .debug_macro   0x00000000      0x209 ./Generated_Code/CAN1.o
 .debug_macro   0x00000000     0x158b ./Generated_Code/CAN1.o
 .debug_macro   0x00000000      0x14e ./Generated_Code/CAN1.o
 .debug_macro   0x00000000       0x5e ./Generated_Code/CAN1.o
 .debug_macro   0x00000000     0x539e ./Generated_Code/CAN1.o
 .debug_macro   0x00000000       0x58 ./Generated_Code/CAN1.o
 .debug_macro   0x00000000       0x35 ./Generated_Code/CAN1.o
 .debug_macro   0x00000000       0xa3 ./Generated_Code/CAN1.o
 .debug_macro   0x00000000       0x16 ./Generated_Code/CAN1.o
 .debug_macro   0x00000000      0x2d6 ./Generated_Code/CAN1.o
 .debug_macro   0x00000000       0x94 ./Generated_Code/CAN1.o
 .group         0x00000000        0x8 ./Generated_Code/Cpu.o
 .group         0x00000000        0x8 ./Generated_Code/Cpu.o
 .group         0x00000000        0x8 ./Generated_Code/Cpu.o
 .group         0x00000000        0x8 ./Generated_Code/Cpu.o
 .group         0x00000000        0x8 ./Generated_Code/Cpu.o
 .group         0x00000000        0x8 ./Generated_Code/Cpu.o
 .group         0x00000000        0x8 ./Generated_Code/Cpu.o
 .group         0x00000000        0x8 ./Generated_Code/Cpu.o
 .group         0x00000000        0x8 ./Generated_Code/Cpu.o
 .group         0x00000000        0x8 ./Generated_Code/Cpu.o
 .group         0x00000000        0x8 ./Generated_Code/Cpu.o
 .group         0x00000000        0x8 ./Generated_Code/Cpu.o
 .group         0x00000000        0x8 ./Generated_Code/Cpu.o
 .text          0x00000000        0x0 ./Generated_Code/Cpu.o
 .data          0x00000000        0x0 ./Generated_Code/Cpu.o
 .bss           0x00000000        0x0 ./Generated_Code/Cpu.o
 .debug_macro   0x00000000      0x802 ./Generated_Code/Cpu.o
 .debug_macro   0x00000000       0x16 ./Generated_Code/Cpu.o
 .debug_macro   0x00000000       0x44 ./Generated_Code/Cpu.o
 .debug_macro   0x00000000      0x209 ./Generated_Code/Cpu.o
 .debug_macro   0x00000000     0x158b ./Generated_Code/Cpu.o
 .debug_macro   0x00000000      0x14e ./Generated_Code/Cpu.o
 .debug_macro   0x00000000       0x5e ./Generated_Code/Cpu.o
 .debug_macro   0x00000000     0x539e ./Generated_Code/Cpu.o
 .debug_macro   0x00000000       0x58 ./Generated_Code/Cpu.o
 .debug_macro   0x00000000       0x35 ./Generated_Code/Cpu.o
 .debug_macro   0x00000000       0xa3 ./Generated_Code/Cpu.o
 .debug_macro   0x00000000       0x16 ./Generated_Code/Cpu.o
 .debug_macro   0x00000000      0x2d6 ./Generated_Code/Cpu.o
 .group         0x00000000        0x8 ./Generated_Code/PE_LDD.o
 .group         0x00000000        0x8 ./Generated_Code/PE_LDD.o
 .group         0x00000000        0x8 ./Generated_Code/PE_LDD.o
 .group         0x00000000        0x8 ./Generated_Code/PE_LDD.o
 .group         0x00000000        0x8 ./Generated_Code/PE_LDD.o
 .group         0x00000000        0x8 ./Generated_Code/PE_LDD.o
 .group         0x00000000        0x8 ./Generated_Code/PE_LDD.o
 .group         0x00000000        0x8 ./Generated_Code/PE_LDD.o
 .group         0x00000000        0x8 ./Generated_Code/PE_LDD.o
 .group         0x00000000        0x8 ./Generated_Code/PE_LDD.o
 .group         0x00000000        0x8 ./Generated_Code/PE_LDD.o
 .group         0x00000000        0x8 ./Generated_Code/PE_LDD.o
 .group         0x00000000        0x8 ./Generated_Code/PE_LDD.o
 .text          0x00000000        0x0 ./Generated_Code/PE_LDD.o
 .data          0x00000000        0x0 ./Generated_Code/PE_LDD.o
 .bss           0x00000000        0x0 ./Generated_Code/PE_LDD.o
 .rodata.PE_CpuClockConfigurations
                0x00000000       0x28 ./Generated_Code/PE_LDD.o
 .text.PE_FillMemory
                0x00000000       0x24 ./Generated_Code/PE_LDD.o
 .text.PE_PeripheralUsed
                0x00000000       0x38 ./Generated_Code/PE_LDD.o
 .text.LDD_SetClockConfiguration
                0x00000000       0x14 ./Generated_Code/PE_LDD.o
 .debug_macro   0x00000000      0x802 ./Generated_Code/PE_LDD.o
 .debug_macro   0x00000000       0x16 ./Generated_Code/PE_LDD.o
 .debug_macro   0x00000000       0x44 ./Generated_Code/PE_LDD.o
 .debug_macro   0x00000000      0x209 ./Generated_Code/PE_LDD.o
 .debug_macro   0x00000000     0x158b ./Generated_Code/PE_LDD.o
 .debug_macro   0x00000000      0x14e ./Generated_Code/PE_LDD.o
 .debug_macro   0x00000000       0x5e ./Generated_Code/PE_LDD.o
 .debug_macro   0x00000000      0x2d6 ./Generated_Code/PE_LDD.o
 .debug_macro   0x00000000     0x539e ./Generated_Code/PE_LDD.o
 .debug_macro   0x00000000       0x58 ./Generated_Code/PE_LDD.o
 .debug_macro   0x00000000       0x35 ./Generated_Code/PE_LDD.o
 .debug_macro   0x00000000       0xa3 ./Generated_Code/PE_LDD.o
 .debug_macro   0x00000000       0x16 ./Generated_Code/PE_LDD.o
 .group         0x00000000        0x8 ./Generated_Code/Pins1.o
 .group         0x00000000        0x8 ./Generated_Code/Pins1.o
 .group         0x00000000        0x8 ./Generated_Code/Pins1.o
 .group         0x00000000        0x8 ./Generated_Code/Pins1.o
 .group         0x00000000        0x8 ./Generated_Code/Pins1.o
 .group         0x00000000        0x8 ./Generated_Code/Pins1.o
 .group         0x00000000        0x8 ./Generated_Code/Pins1.o
 .text          0x00000000        0x0 ./Generated_Code/Pins1.o
 .data          0x00000000        0x0 ./Generated_Code/Pins1.o
 .bss           0x00000000        0x0 ./Generated_Code/Pins1.o
 .debug_info    0x00000000       0x7d ./Generated_Code/Pins1.o
 .debug_abbrev  0x00000000       0x29 ./Generated_Code/Pins1.o
 .debug_aranges
                0x00000000       0x18 ./Generated_Code/Pins1.o
 .debug_macro   0x00000000       0x8d ./Generated_Code/Pins1.o
 .debug_macro   0x00000000      0x802 ./Generated_Code/Pins1.o
 .debug_macro   0x00000000       0x16 ./Generated_Code/Pins1.o
 .debug_macro   0x00000000       0x44 ./Generated_Code/Pins1.o
 .debug_macro   0x00000000      0x209 ./Generated_Code/Pins1.o
 .debug_macro   0x00000000     0x158b ./Generated_Code/Pins1.o
 .debug_macro   0x00000000      0x2d6 ./Generated_Code/Pins1.o
 .debug_macro   0x00000000     0x539e ./Generated_Code/Pins1.o
 .debug_line    0x00000000      0x1f3 ./Generated_Code/Pins1.o
 .debug_str     0x00000000    0x25a73 ./Generated_Code/Pins1.o
 .comment       0x00000000       0x71 ./Generated_Code/Pins1.o
 .ARM.attributes
                0x00000000       0x32 ./Generated_Code/Pins1.o
 .text          0x00000000        0x0 /opt/Freescale/KDS_v3/toolchain/bin/../lib/gcc/arm-none-eabi/4.8.4/../../../../arm-none-eabi/lib/armv6-m/libg_s.a(lib_a-exit.o)
 .data          0x00000000        0x0 /opt/Freescale/KDS_v3/toolchain/bin/../lib/gcc/arm-none-eabi/4.8.4/../../../../arm-none-eabi/lib/armv6-m/libg_s.a(lib_a-exit.o)
 .bss           0x00000000        0x0 /opt/Freescale/KDS_v3/toolchain/bin/../lib/gcc/arm-none-eabi/4.8.4/../../../../arm-none-eabi/lib/armv6-m/libg_s.a(lib_a-exit.o)
 .text          0x00000000        0x0 /opt/Freescale/KDS_v3/toolchain/bin/../lib/gcc/arm-none-eabi/4.8.4/../../../../arm-none-eabi/lib/armv6-m/libg_s.a(lib_a-impure.o)
 .data          0x00000000        0x0 /opt/Freescale/KDS_v3/toolchain/bin/../lib/gcc/arm-none-eabi/4.8.4/../../../../arm-none-eabi/lib/armv6-m/libg_s.a(lib_a-impure.o)
 .bss           0x00000000        0x0 /opt/Freescale/KDS_v3/toolchain/bin/../lib/gcc/arm-none-eabi/4.8.4/../../../../arm-none-eabi/lib/armv6-m/libg_s.a(lib_a-impure.o)
 .data._impure_ptr
                0x00000000        0x4 /opt/Freescale/KDS_v3/toolchain/bin/../lib/gcc/arm-none-eabi/4.8.4/../../../../arm-none-eabi/lib/armv6-m/libg_s.a(lib_a-impure.o)
 .text          0x00000000        0x0 /opt/Freescale/KDS_v3/toolchain/bin/../lib/gcc/arm-none-eabi/4.8.4/../../../../arm-none-eabi/lib/armv6-m/libg_s.a(lib_a-init.o)
 .data          0x00000000        0x0 /opt/Freescale/KDS_v3/toolchain/bin/../lib/gcc/arm-none-eabi/4.8.4/../../../../arm-none-eabi/lib/armv6-m/libg_s.a(lib_a-init.o)
 .bss           0x00000000        0x0 /opt/Freescale/KDS_v3/toolchain/bin/../lib/gcc/arm-none-eabi/4.8.4/../../../../arm-none-eabi/lib/armv6-m/libg_s.a(lib_a-init.o)
 .text          0x00000000        0x0 /opt/Freescale/KDS_v3/toolchain/bin/../lib/gcc/arm-none-eabi/4.8.4/../../../../arm-none-eabi/lib/armv6-m/libg_s.a(lib_a-memcpy-stub.o)
 .data          0x00000000        0x0 /opt/Freescale/KDS_v3/toolchain/bin/../lib/gcc/arm-none-eabi/4.8.4/../../../../arm-none-eabi/lib/armv6-m/libg_s.a(lib_a-memcpy-stub.o)
 .bss           0x00000000        0x0 /opt/Freescale/KDS_v3/toolchain/bin/../lib/gcc/arm-none-eabi/4.8.4/../../../../arm-none-eabi/lib/armv6-m/libg_s.a(lib_a-memcpy-stub.o)
 .text          0x00000000        0x0 /opt/Freescale/KDS_v3/toolchain/bin/../lib/gcc/arm-none-eabi/4.8.4/../../../../arm-none-eabi/lib/armv6-m/libg_s.a(lib_a-memset.o)
 .data          0x00000000        0x0 /opt/Freescale/KDS_v3/toolchain/bin/../lib/gcc/arm-none-eabi/4.8.4/../../../../arm-none-eabi/lib/armv6-m/libg_s.a(lib_a-memset.o)
 .bss           0x00000000        0x0 /opt/Freescale/KDS_v3/toolchain/bin/../lib/gcc/arm-none-eabi/4.8.4/../../../../arm-none-eabi/lib/armv6-m/libg_s.a(lib_a-memset.o)
 .text          0x00000000        0x0 /opt/Freescale/KDS_v3/toolchain/bin/../lib/gcc/arm-none-eabi/4.8.4/../../../../arm-none-eabi/lib/armv6-m/libnosys.a(_exit.o)
 .data          0x00000000        0x0 /opt/Freescale/KDS_v3/toolchain/bin/../lib/gcc/arm-none-eabi/4.8.4/../../../../arm-none-eabi/lib/armv6-m/libnosys.a(_exit.o)
 .bss           0x00000000        0x0 /opt/Freescale/KDS_v3/toolchain/bin/../lib/gcc/arm-none-eabi/4.8.4/../../../../arm-none-eabi/lib/armv6-m/libnosys.a(_exit.o)
 .text          0x00000000        0x0 /opt/Freescale/KDS_v3/toolchain/bin/../lib/gcc/arm-none-eabi/4.8.4/armv6-m/crtend.o
 .data          0x00000000        0x0 /opt/Freescale/KDS_v3/toolchain/bin/../lib/gcc/arm-none-eabi/4.8.4/armv6-m/crtend.o
 .bss           0x00000000        0x0 /opt/Freescale/KDS_v3/toolchain/bin/../lib/gcc/arm-none-eabi/4.8.4/armv6-m/crtend.o
 .eh_frame      0x00000000        0x4 /opt/Freescale/KDS_v3/toolchain/bin/../lib/gcc/arm-none-eabi/4.8.4/armv6-m/crtend.o
 .jcr           0x00000000        0x4 /opt/Freescale/KDS_v3/toolchain/bin/../lib/gcc/arm-none-eabi/4.8.4/armv6-m/crtend.o
 .ARM.attributes
                0x00000000       0x2c /opt/Freescale/KDS_v3/toolchain/bin/../lib/gcc/arm-none-eabi/4.8.4/armv6-m/crtend.o
 .text          0x00000000        0x0 /opt/Freescale/KDS_v3/toolchain/bin/../lib/gcc/arm-none-eabi/4.8.4/armv6-m/crtn.o
 .data          0x00000000        0x0 /opt/Freescale/KDS_v3/toolchain/bin/../lib/gcc/arm-none-eabi/4.8.4/armv6-m/crtn.o
 .bss           0x00000000        0x0 /opt/Freescale/KDS_v3/toolchain/bin/../lib/gcc/arm-none-eabi/4.8.4/armv6-m/crtn.o

Memory Configuration

Name             Origin             Length             Attributes
m_interrupts     0x00000000         0x000000c0         xr
m_text           0x00000410         0x0001fbf0         xr
m_data           0x1ffff000         0x00004000         rw
m_cfmprotrom     0x00000400         0x00000010         xr
*default*        0x00000000         0xffffffff

Linker script and memory map

LOAD /opt/Freescale/KDS_v3/toolchain/bin/../lib/gcc/arm-none-eabi/4.8.4/armv6-m/crti.o
LOAD /opt/Freescale/KDS_v3/toolchain/bin/../lib/gcc/arm-none-eabi/4.8.4/armv6-m/crtbegin.o
LOAD /opt/Freescale/KDS_v3/toolchain/bin/../lib/gcc/arm-none-eabi/4.8.4/../../../../arm-none-eabi/lib/armv6-m/crt0.o
LOAD ./Static_Code/System/CPU_Init.o
LOAD ./Static_Code/System/Peripherals_Init.o
LOAD ./Static_Code/System/Vectors.o
LOAD ./Sources/Events.o
LOAD ./Sources/main.o
LOAD ./Project_Settings/Startup_Code/startup.o
LOAD ./Generated_Code/CAN1.o
LOAD ./Generated_Code/Cpu.o
LOAD ./Generated_Code/PE_LDD.o
LOAD ./Generated_Code/Pins1.o
LOAD /opt/Freescale/KDS_v3/toolchain/bin/../lib/gcc/arm-none-eabi/4.8.4/../../../../arm-none-eabi/lib/armv6-m/libstdc++_s.a
LOAD /opt/Freescale/KDS_v3/toolchain/bin/../lib/gcc/arm-none-eabi/4.8.4/../../../../arm-none-eabi/lib/armv6-m/libm.a
START GROUP
LOAD /opt/Freescale/KDS_v3/toolchain/bin/../lib/gcc/arm-none-eabi/4.8.4/armv6-m/libgcc.a
LOAD /opt/Freescale/KDS_v3/toolchain/bin/../lib/gcc/arm-none-eabi/4.8.4/../../../../arm-none-eabi/lib/armv6-m/libg_s.a
LOAD /opt/Freescale/KDS_v3/toolchain/bin/../lib/gcc/arm-none-eabi/4.8.4/../../../../arm-none-eabi/lib/armv6-m/libc_s.a
END GROUP
START GROUP
LOAD /opt/Freescale/KDS_v3/toolchain/bin/../lib/gcc/arm-none-eabi/4.8.4/armv6-m/libgcc.a
LOAD /opt/Freescale/KDS_v3/toolchain/bin/../lib/gcc/arm-none-eabi/4.8.4/../../../../arm-none-eabi/lib/armv6-m/libc_s.a
LOAD /opt/Freescale/KDS_v3/toolchain/bin/../lib/gcc/arm-none-eabi/4.8.4/../../../../arm-none-eabi/lib/armv6-m/libnosys.a
END GROUP
START GROUP
LOAD /opt/Freescale/KDS_v3/toolchain/bin/../lib/gcc/arm-none-eabi/4.8.4/armv6-m/libgcc.a
LOAD /opt/Freescale/KDS_v3/toolchain/bin/../lib/gcc/arm-none-eabi/4.8.4/../../../../arm-none-eabi/lib/armv6-m/libc_s.a
LOAD /opt/Freescale/KDS_v3/toolchain/bin/../lib/gcc/arm-none-eabi/4.8.4/../../../../arm-none-eabi/lib/armv6-m/libnosys.a
END GROUP
LOAD /opt/Freescale/KDS_v3/toolchain/bin/../lib/gcc/arm-none-eabi/4.8.4/armv6-m/crtend.o
LOAD /opt/Freescale/KDS_v3/toolchain/bin/../lib/gcc/arm-none-eabi/4.8.4/armv6-m/crtn.o
                0x20003000                _estack = 0x20003000
                0x20003000                __SP_INIT = _estack
                0x20003000                __stack = _estack
                0x00000000                __heap_size = 0x0
                0x00000400                __stack_size = 0x400

.interrupts     0x00000000       0xc0
                0x00000000                __vector_table = .
                0x00000000                . = ALIGN (0x4)
 *(.vectortable)
 .vectortable   0x00000000       0xc0 ./Static_Code/System/Vectors.o
                0x00000000                __vect_table
                0x000000c0                . = ALIGN (0x4)

.cfmprotect     0x00000400       0x10
                0x00000400                . = ALIGN (0x4)
 *(.cfmconfig)
 .cfmconfig     0x00000400       0x10 ./Static_Code/System/CPU_Init.o
                0x00000400                _cfm
                0x00000410                . = ALIGN (0x4)

.text           0x00000410     0x1138
                0x00000410                . = ALIGN (0x4)
 *(.text)
 .text          0x00000410       0x60 /opt/Freescale/KDS_v3/toolchain/bin/../lib/gcc/arm-none-eabi/4.8.4/armv6-m/crtbegin.o
 .text          0x00000470       0x78 /opt/Freescale/KDS_v3/toolchain/bin/../lib/gcc/arm-none-eabi/4.8.4/../../../../arm-none-eabi/lib/armv6-m/crt0.o
                0x00000470                _mainCRTStartup
                0x00000470                _start
 *(.text*)
 .text.__init_hardware
                0x000004e8       0x4c ./Static_Code/System/CPU_Init.o
                0x000004e8                __init_hardware
 .text.PE_low_level_init
                0x00000534       0x40 ./Static_Code/System/CPU_Init.o
                0x00000534                PE_low_level_init
 .text.CPU_GetClockGenMode
                0x00000574       0x6c ./Static_Code/System/CPU_Init.o
                0x00000574                CPU_GetClockGenMode
 .text.CPU_SetClockConfigGenMode
                0x000005e0      0x280 ./Static_Code/System/CPU_Init.o
                0x000005e0                CPU_SetClockConfigGenMode
 .text.UnhandledInterrupt
                0x00000860        0xc ./Static_Code/System/Vectors.o
                0x00000860                UnhandledInterrupt
 .text.Cpu_OnNMI
                0x0000086c        0x8 ./Sources/Events.o
                0x0000086c                Cpu_OnNMI
 .text.CAN1_OnFreeTxBuffer
                0x00000874       0x20 ./Sources/Events.o
                0x00000874                CAN1_OnFreeTxBuffer
 .text.CAN1_OnFullRxBuffer
                0x00000894       0x20 ./Sources/Events.o
                0x00000894                CAN1_OnFullRxBuffer
 .text.main     0x000008b4      0x118 ./Sources/main.o
                0x000008b4                main
 .text.__copy_rom_section
                0x000009cc       0xd8 ./Project_Settings/Startup_Code/startup.o
                0x000009cc                __copy_rom_section
 .text.__copy_rom_sections_to_ram
                0x00000aa4       0x98 ./Project_Settings/Startup_Code/startup.o
                0x00000aa4                __copy_rom_sections_to_ram
 .text.__init_registers
                0x00000b3c        0x8 ./Project_Settings/Startup_Code/startup.o
                0x00000b3c                __init_registers
 .text.__init_user
                0x00000b44        0x8 ./Project_Settings/Startup_Code/startup.o
                0x00000b44                __init_user
 .text.__thumb_startup
                0x00000b4c       0x30 ./Project_Settings/Startup_Code/startup.o
                0x00000b4c                __thumb_startup
 .text.CAN1_Init
                0x00000b7c      0x1c8 ./Generated_Code/CAN1.o
                0x00000b7c                CAN1_Init
 .text.CAN1_SendFrame
                0x00000d44      0x354 ./Generated_Code/CAN1.o
                0x00000d44                CAN1_SendFrame
 .text.CAN1_ReadFrame
                0x00001098      0x208 ./Generated_Code/CAN1.o
                0x00001098                CAN1_ReadFrame
 .text.CAN1_TxInterrupt
                0x000012a0       0xc4 ./Generated_Code/CAN1.o
                0x000012a0                CAN1_TxInterrupt
 .text.CAN1_RxInterrupt
                0x00001364       0x3c ./Generated_Code/CAN1.o
                0x00001364                CAN1_RxInterrupt
 .text.Cpu_INT_NMIInterrupt
                0x000013a0        0xc ./Generated_Code/Cpu.o
                0x000013a0                Cpu_INT_NMIInterrupt
 .text.exit     0x000013ac       0x2c /opt/Freescale/KDS_v3/toolchain/bin/../lib/gcc/arm-none-eabi/4.8.4/../../../../arm-none-eabi/lib/armv6-m/libg_s.a(lib_a-exit.o)
                0x000013ac                exit
 .text.__libc_init_array
                0x000013d8       0x4c /opt/Freescale/KDS_v3/toolchain/bin/../lib/gcc/arm-none-eabi/4.8.4/../../../../arm-none-eabi/lib/armv6-m/libg_s.a(lib_a-init.o)
                0x000013d8                __libc_init_array
 .text.memcpy   0x00001424       0x12 /opt/Freescale/KDS_v3/toolchain/bin/../lib/gcc/arm-none-eabi/4.8.4/../../../../arm-none-eabi/lib/armv6-m/libg_s.a(lib_a-memcpy-stub.o)
                0x00001424                memcpy
 .text.memset   0x00001436       0x10 /opt/Freescale/KDS_v3/toolchain/bin/../lib/gcc/arm-none-eabi/4.8.4/../../../../arm-none-eabi/lib/armv6-m/libg_s.a(lib_a-memset.o)
                0x00001436                memset
 *fill*         0x00001446        0x2 
 .text._exit    0x00001448        0x4 /opt/Freescale/KDS_v3/toolchain/bin/../lib/gcc/arm-none-eabi/4.8.4/../../../../arm-none-eabi/lib/armv6-m/libnosys.a(_exit.o)
                0x00001448                _exit
 *(.rodata)
 *(.rodata*)
 .rodata.ClockGenModeMatrix
                0x0000144c       0x48 ./Static_Code/System/CPU_Init.o
 .rodata.CPU_ClockConfigDescriptors
                0x00001494       0x10 ./Static_Code/System/CPU_Init.o
 .rodata.CPU_DefaultFEI
                0x000014a4        0x8 ./Static_Code/System/CPU_Init.o
 .rodata.CPU_DefaultFBI
                0x000014ac        0x8 ./Static_Code/System/CPU_Init.o
 .rodata.CPU_DefaultFBILP
                0x000014b4        0x8 ./Static_Code/System/CPU_Init.o
 .rodata.CPU_DefaultFEE
                0x000014bc        0x8 ./Static_Code/System/CPU_Init.o
 .rodata.CPU_DefaultFBE
                0x000014c4        0x8 ./Static_Code/System/CPU_Init.o
 .rodata.CPU_DefaultFBELP
                0x000014cc        0x8 ./Static_Code/System/CPU_Init.o
 .rodata.CPU_ClockGenModeRegs
                0x000014d4       0x18 ./Static_Code/System/CPU_Init.o
 .rodata.CPU_SetClockConfigGenMode
                0x000014ec       0x30 ./Static_Code/System/CPU_Init.o
 .rodata.RemapBuffersIdxToHw
                0x0000151c        0x4 ./Generated_Code/CAN1.o
 .rodata.RemapHwToTxBuffersIdx
                0x00001520        0x4 ./Generated_Code/CAN1.o
 .rodata.RemapHwToRxBuffersIdx
                0x00001524        0x4 ./Generated_Code/CAN1.o
 .rodata.str1.1
                0x00001528        0x2 /opt/Freescale/KDS_v3/toolchain/bin/../lib/gcc/arm-none-eabi/4.8.4/../../../../arm-none-eabi/lib/armv6-m/libg_s.a(lib_a-impure.o)
 *fill*         0x0000152a        0x2 
 .rodata._global_impure_ptr
                0x0000152c        0x4 /opt/Freescale/KDS_v3/toolchain/bin/../lib/gcc/arm-none-eabi/4.8.4/../../../../arm-none-eabi/lib/armv6-m/libg_s.a(lib_a-impure.o)
                0x0000152c                _global_impure_ptr
 *(.glue_7)
 .glue_7        0x00000000        0x0 linker stubs
 *(.glue_7t)
 .glue_7t       0x00000000        0x0 linker stubs
 *(.eh_frame)
 .eh_frame      0x00001530        0x0 /opt/Freescale/KDS_v3/toolchain/bin/../lib/gcc/arm-none-eabi/4.8.4/armv6-m/crtbegin.o
 *(.init)
 .init          0x00001530        0x4 /opt/Freescale/KDS_v3/toolchain/bin/../lib/gcc/arm-none-eabi/4.8.4/armv6-m/crti.o
                0x00001530                _init
 .init          0x00001534        0x8 /opt/Freescale/KDS_v3/toolchain/bin/../lib/gcc/arm-none-eabi/4.8.4/armv6-m/crtn.o
 *(.fini)
 .fini          0x0000153c        0x4 /opt/Freescale/KDS_v3/toolchain/bin/../lib/gcc/arm-none-eabi/4.8.4/armv6-m/crti.o
                0x0000153c                _fini
 .fini          0x00001540        0x8 /opt/Freescale/KDS_v3/toolchain/bin/../lib/gcc/arm-none-eabi/4.8.4/armv6-m/crtn.o
                0x00001548                . = ALIGN (0x4)
                0x00001548                _etext = .

.vfp11_veneer   0x00001548        0x0
 .vfp11_veneer  0x00000000        0x0 linker stubs

.v4_bx          0x00001548        0x0
 .v4_bx         0x00000000        0x0 linker stubs

.iplt           0x00001548        0x0
 .iplt          0x00000000        0x0 /opt/Freescale/KDS_v3/toolchain/bin/../lib/gcc/arm-none-eabi/4.8.4/armv6-m/crtbegin.o

.ARM.extab
 *(.ARM.extab* .gnu.linkonce.armextab.*)

.ARM            0x00001548        0x8
                0x00001548                __exidx_start = .
 *(.ARM.exidx*)
 .ARM.exidx     0x00001548        0x8 /opt/Freescale/KDS_v3/toolchain/bin/../lib/gcc/arm-none-eabi/4.8.4/../../../../arm-none-eabi/lib/armv6-m/crt0.o
                0x00001550                __exidx_end = .

.rel.dyn        0x00001550        0x0
 .rel.iplt      0x00000000        0x0 /opt/Freescale/KDS_v3/toolchain/bin/../lib/gcc/arm-none-eabi/4.8.4/armv6-m/crtbegin.o

.ctors          0x00001550        0x0
                0x00001550                __CTOR_LIST__ = .
 *crtbegin.o(.ctors)
 *(EXCLUDE_FILE(*crtend.o) .ctors)
 *(SORT(.ctors.*))
 *(.ctors)
                0x00001550                __CTOR_END__ = .

.dtors          0x00001550        0x0
                0x00001550                __DTOR_LIST__ = .
 *crtbegin.o(.dtors)
 *(EXCLUDE_FILE(*crtend.o) .dtors)
 *(SORT(.dtors.*))
 *(.dtors)
                0x00001550                __DTOR_END__ = .

.preinit_array  0x00001550        0x0
                0x00001550                PROVIDE (__preinit_array_start, .)
 *(.preinit_array*)
                0x00001550                PROVIDE (__preinit_array_end, .)

.init_array     0x00001550        0x4
                0x00001550                PROVIDE (__init_array_start, .)
 *(SORT(.init_array.*))
 *(.init_array*)
 .init_array    0x00001550        0x4 /opt/Freescale/KDS_v3/toolchain/bin/../lib/gcc/arm-none-eabi/4.8.4/armv6-m/crtbegin.o
                0x00001554                PROVIDE (__init_array_end, .)

.fini_array     0x00001554        0x4
                0x00001554                PROVIDE (__fini_array_start, .)
 *(SORT(.fini_array.*))
 *(.fini_array*)
 .fini_array    0x00001554        0x4 /opt/Freescale/KDS_v3/toolchain/bin/../lib/gcc/arm-none-eabi/4.8.4/armv6-m/crtbegin.o
                0x00001558                PROVIDE (__fini_array_end, .)
                0x00001558                ___ROM_AT = .

.mtb            0x1ffff000        0x0
                0x1ffff000                . = ALIGN (0x8)
                0x1ffff000                _mtb_start = .
 *(.mtb_buf)
                0x1ffff000                . = ALIGN (0x8)
                0x1ffff000                _mtb_end = .

.data           0x1ffff000       0x68 load address 0x00001558
                0x1ffff000                . = ALIGN (0x4)
                0x1ffff000                _sdata = .
 *(.data)
 *(.data*)
 .data.OutData  0x1ffff000        0x8 ./Sources/main.o
                0x1ffff000                OutData
 .data.impure_data
                0x1ffff008       0x60 /opt/Freescale/KDS_v3/toolchain/bin/../lib/gcc/arm-none-eabi/4.8.4/../../../../arm-none-eabi/lib/armv6-m/libg_s.a(lib_a-impure.o)
                0x1ffff068                . = ALIGN (0x4)
                0x1ffff068                _edata = .
                0x00000068                ___data_size = (_edata - _sdata)

.jcr            0x1ffff068        0x0 load address 0x000015c0
 .jcr           0x1ffff068        0x0 /opt/Freescale/KDS_v3/toolchain/bin/../lib/gcc/arm-none-eabi/4.8.4/armv6-m/crtbegin.o

.igot.plt       0x1ffff068        0x0 load address 0x000015c0
 .igot.plt      0x00000000        0x0 /opt/Freescale/KDS_v3/toolchain/bin/../lib/gcc/arm-none-eabi/4.8.4/armv6-m/crtbegin.o
                0x1ffff068                . = ALIGN (0x4)

.bss            0x1ffff068       0x78 load address 0x000015c0
                0x1ffff068                __START_BSS = .
                0x1ffff068                PROVIDE (__bss_start__, __START_BSS)
 *(.bss)
 .bss           0x1ffff068       0x1c /opt/Freescale/KDS_v3/toolchain/bin/../lib/gcc/arm-none-eabi/4.8.4/armv6-m/crtbegin.o
 *(.bss*)
 .bss.SR_lock   0x1ffff084        0x1 ./Static_Code/System/CPU_Init.o
                0x1ffff084                SR_lock
 .bss.DataFrameRxFlg
                0x1ffff085        0x1 ./Sources/main.o
                0x1ffff085                DataFrameRxFlg
 *fill*         0x1ffff086        0x2 
 .bss.DeviceDataPrv__DEFAULT_RTOS_ALLOC
                0x1ffff088       0x24 ./Generated_Code/CAN1.o
 .bss.INT_MSCAN_TX__DEFAULT_RTOS_ISRPARAM
                0x1ffff0ac        0x4 ./Generated_Code/CAN1.o
 .bss.INT_MSCAN_RX__DEFAULT_RTOS_ISRPARAM
                0x1ffff0b0        0x4 ./Generated_Code/CAN1.o
 .bss.PE_LDD_DeviceDataList
                0x1ffff0b4        0x4 ./Generated_Code/PE_LDD.o
                0x1ffff0b4                PE_LDD_DeviceDataList
 *(COMMON)
 COMMON         0x1ffff0b8        0x1 ./Static_Code/System/CPU_Init.o
                0x1ffff0b8                SR_reg
 *fill*         0x1ffff0b9        0x3 
 COMMON         0x1ffff0bc       0x24 ./Sources/main.o
                0x1ffff0bc                InpData
                0x1ffff0c4                MyCANPtr
                0x1ffff0c8                Frame
                0x1ffff0dc                DataFrameTxFlg
                0x1ffff0de                Error
                0x1ffff0e0                . = ALIGN (0x4)
                0x1ffff0e0                __END_BSS = .
                0x1ffff0e0                PROVIDE (__bss_end__, __END_BSS)
                0x000015c0                _romp_at = (___ROM_AT + SIZEOF (.data))

.romp           0x1ffff0e0       0x18 load address 0x000015c0
                0x000015c0                __S_romp = _romp_at
                0x1ffff0e0        0x4 LONG 0x1558 ___ROM_AT
                0x1ffff0e4        0x4 LONG 0x1ffff000 _sdata
                0x1ffff0e8        0x4 LONG 0x68 ___data_size
                0x1ffff0ec        0x4 LONG 0x0
                0x1ffff0f0        0x4 LONG 0x0
                0x1ffff0f4        0x4 LONG 0x0
                0x00020000                text_end = (ORIGIN (m_text) + 0x1fbf0)
                0x000015d8                data_init_end = ((___ROM_AT + SIZEOF (.data)) + SIZEOF (.romp))
                0x00000001                ASSERT ((data_init_end <= text_end), region m_text overflowed with text and data)

._user_heap_stack
                0x1ffff0f8      0x400 load address 0x000015d8
                0x1ffff0f8                . = ALIGN (0x4)
                0x1ffff0f8                PROVIDE (end, .)
                0x1ffff0f8                PROVIDE (_end, .)
                0x1ffff0f8                PROVIDE (__end__, .)
                0x1ffff0f8                __heap_addr = .
                0x1ffff0f8                __HeapBase = .
                0x1ffff0f8                . = (. + __heap_size)
                0x1ffff0f8                __HeapLimit = .
                0x1ffff4f8                . = (. + __stack_size)
 *fill*         0x1ffff0f8      0x400 
                0x1ffff4f8                . = ALIGN (0x4)

.ARM.attributes
                0x00000000       0x28
 *(.ARM.attributes)
 .ARM.attributes
                0x00000000       0x1e /opt/Freescale/KDS_v3/toolchain/bin/../lib/gcc/arm-none-eabi/4.8.4/armv6-m/crti.o
 .ARM.attributes
                0x0000001e       0x2c /opt/Freescale/KDS_v3/toolchain/bin/../lib/gcc/arm-none-eabi/4.8.4/armv6-m/crtbegin.o
 .ARM.attributes
                0x0000004a       0x1b /opt/Freescale/KDS_v3/toolchain/bin/../lib/gcc/arm-none-eabi/4.8.4/../../../../arm-none-eabi/lib/armv6-m/crt0.o
 .ARM.attributes
                0x00000065       0x32 ./Static_Code/System/CPU_Init.o
 .ARM.attributes
                0x00000097       0x32 ./Static_Code/System/Vectors.o
 .ARM.attributes
                0x000000c9       0x32 ./Sources/Events.o
 .ARM.attributes
                0x000000fb       0x32 ./Sources/main.o
 .ARM.attributes
                0x0000012d       0x32 ./Project_Settings/Startup_Code/startup.o
 .ARM.attributes
                0x0000015f       0x32 ./Generated_Code/CAN1.o
 .ARM.attributes
                0x00000191       0x32 ./Generated_Code/Cpu.o
 .ARM.attributes
                0x000001c3       0x32 ./Generated_Code/PE_LDD.o
 .ARM.attributes
                0x000001f5       0x2c /opt/Freescale/KDS_v3/toolchain/bin/../lib/gcc/arm-none-eabi/4.8.4/../../../../arm-none-eabi/lib/armv6-m/libg_s.a(lib_a-exit.o)
 .ARM.attributes
                0x00000221       0x2c /opt/Freescale/KDS_v3/toolchain/bin/../lib/gcc/arm-none-eabi/4.8.4/../../../../arm-none-eabi/lib/armv6-m/libg_s.a(lib_a-impure.o)
 .ARM.attributes
                0x0000024d       0x2c /opt/Freescale/KDS_v3/toolchain/bin/../lib/gcc/arm-none-eabi/4.8.4/../../../../arm-none-eabi/lib/armv6-m/libg_s.a(lib_a-init.o)
 .ARM.attributes
                0x00000279       0x2c /opt/Freescale/KDS_v3/toolchain/bin/../lib/gcc/arm-none-eabi/4.8.4/../../../../arm-none-eabi/lib/armv6-m/libg_s.a(lib_a-memcpy-stub.o)
 .ARM.attributes
                0x000002a5       0x2c /opt/Freescale/KDS_v3/toolchain/bin/../lib/gcc/arm-none-eabi/4.8.4/../../../../arm-none-eabi/lib/armv6-m/libg_s.a(lib_a-memset.o)
 .ARM.attributes
                0x000002d1       0x2c /opt/Freescale/KDS_v3/toolchain/bin/../lib/gcc/arm-none-eabi/4.8.4/../../../../arm-none-eabi/lib/armv6-m/libnosys.a(_exit.o)
 .ARM.attributes
                0x000002fd       0x1e /opt/Freescale/KDS_v3/toolchain/bin/../lib/gcc/arm-none-eabi/4.8.4/armv6-m/crtn.o
OUTPUT(keaz128_can.elf elf32-littlearm)

.debug_info     0x00000000     0x210d
 .debug_info    0x00000000      0x750 ./Static_Code/System/CPU_Init.o
 .debug_info    0x00000750      0x459 ./Static_Code/System/Vectors.o
 .debug_info    0x00000ba9      0x14f ./Sources/Events.o
 .debug_info    0x00000cf8      0x585 ./Sources/main.o
 .debug_info    0x0000127d      0x20a ./Project_Settings/Startup_Code/startup.o
 .debug_info    0x00001487      0x99f ./Generated_Code/CAN1.o
 .debug_info    0x00001e26       0x96 ./Generated_Code/Cpu.o
 .debug_info    0x00001ebc      0x251 ./Generated_Code/PE_LDD.o

.debug_abbrev   0x00000000      0x8f3
 .debug_abbrev  0x00000000      0x1ed ./Static_Code/System/CPU_Init.o
 .debug_abbrev  0x000001ed       0xd8 ./Static_Code/System/Vectors.o
 .debug_abbrev  0x000002c5       0xb4 ./Sources/Events.o
 .debug_abbrev  0x00000379      0x125 ./Sources/main.o
 .debug_abbrev  0x0000049e      0x11e ./Project_Settings/Startup_Code/startup.o
 .debug_abbrev  0x000005bc      0x1e5 ./Generated_Code/CAN1.o
 .debug_abbrev  0x000007a1       0x45 ./Generated_Code/Cpu.o
 .debug_abbrev  0x000007e6      0x10d ./Generated_Code/PE_LDD.o

.debug_aranges  0x00000000      0x300
 .debug_aranges
                0x00000000       0x38 ./Static_Code/System/CPU_Init.o
 .debug_aranges
                0x00000038      0x190 ./Static_Code/System/Vectors.o
 .debug_aranges
                0x000001c8       0x30 ./Sources/Events.o
 .debug_aranges
                0x000001f8       0x20 ./Sources/main.o
 .debug_aranges
                0x00000218       0x50 ./Project_Settings/Startup_Code/startup.o
 .debug_aranges
                0x00000268       0x48 ./Generated_Code/CAN1.o
 .debug_aranges
                0x000002b0       0x20 ./Generated_Code/Cpu.o
 .debug_aranges
                0x000002d0       0x30 ./Generated_Code/PE_LDD.o

.debug_ranges   0x00000000      0x280
 .debug_ranges  0x00000000       0x28 ./Static_Code/System/CPU_Init.o
 .debug_ranges  0x00000028      0x180 ./Static_Code/System/Vectors.o
 .debug_ranges  0x000001a8       0x20 ./Sources/Events.o
 .debug_ranges  0x000001c8       0x10 ./Sources/main.o
 .debug_ranges  0x000001d8       0x40 ./Project_Settings/Startup_Code/startup.o
 .debug_ranges  0x00000218       0x38 ./Generated_Code/CAN1.o
 .debug_ranges  0x00000250       0x10 ./Generated_Code/Cpu.o
 .debug_ranges  0x00000260       0x20 ./Generated_Code/PE_LDD.o

.debug_macro    0x00000000    0x15359
 .debug_macro   0x00000000      0x13b ./Static_Code/System/CPU_Init.o
 .debug_macro   0x0000013b      0x802 ./Static_Code/System/CPU_Init.o
 .debug_macro   0x0000093d       0x16 ./Static_Code/System/CPU_Init.o
 .debug_macro   0x00000953       0x44 ./Static_Code/System/CPU_Init.o
 .debug_macro   0x00000997      0x209 ./Static_Code/System/CPU_Init.o
 .debug_macro   0x00000ba0     0x158b ./Static_Code/System/CPU_Init.o
 .debug_macro   0x0000212b     0x539e ./Static_Code/System/CPU_Init.o
 .debug_macro   0x000074c9      0x2d6 ./Static_Code/System/CPU_Init.o
 .debug_macro   0x0000779f      0x14e ./Static_Code/System/CPU_Init.o
 .debug_macro   0x000078ed       0x5e ./Static_Code/System/CPU_Init.o
 .debug_macro   0x0000794b       0x58 ./Static_Code/System/CPU_Init.o
 .debug_macro   0x000079a3       0x35 ./Static_Code/System/CPU_Init.o
 .debug_macro   0x000079d8       0xa3 ./Static_Code/System/CPU_Init.o
 .debug_macro   0x00007a7b       0x16 ./Static_Code/System/CPU_Init.o
 .debug_macro   0x00007a91      0x12f ./Static_Code/System/Vectors.o
 .debug_macro   0x00007bc0       0x12 ./Static_Code/System/Vectors.o
 .debug_macro   0x00007bd2      0x12a ./Static_Code/System/Vectors.o
 .debug_macro   0x00007cfc      0x211 ./Sources/Events.o
 .debug_macro   0x00007f0d       0x94 ./Sources/Events.o
 .debug_macro   0x00007fa1      0x5c9 ./Sources/Events.o
 .debug_macro   0x0000856a      0x2d3 ./Sources/Events.o
 .debug_macro   0x0000883d      0x109 ./Sources/Events.o
 .debug_macro   0x00008946      0x6a6 ./Sources/Events.o
 .debug_macro   0x00008fec      0x223 ./Sources/Events.o
 .debug_macro   0x0000920f      0x132 ./Sources/Events.o
 .debug_macro   0x00009341      0x299 ./Sources/Events.o
 .debug_macro   0x000095da       0x65 ./Sources/Events.o
 .debug_macro   0x0000963f      0x20f ./Sources/Events.o
 .debug_macro   0x0000984e      0x13f ./Sources/Events.o
 .debug_macro   0x0000998d      0x63a ./Sources/Events.o
 .debug_macro   0x00009fc7     0x266f ./Sources/Events.o
 .debug_macro   0x0000c636       0xbb ./Sources/Events.o
 .debug_macro   0x0000c6f1       0xe9 ./Sources/Events.o
 .debug_macro   0x0000c7da      0x4ea ./Sources/Events.o
 .debug_macro   0x0000ccc4      0x13a ./Sources/Events.o
 .debug_macro   0x0000cdfe       0xb8 ./Sources/Events.o
 .debug_macro   0x0000ceb6      0x179 ./Sources/Events.o
 .debug_macro   0x0000d02f      0x987 ./Sources/Events.o
 .debug_macro   0x0000d9b6      0x648 ./Sources/Events.o
 .debug_macro   0x0000dffe       0x86 ./Sources/Events.o
 .debug_macro   0x0000e084      0x7b8 ./Sources/Events.o
 .debug_macro   0x0000e83c      0x162 ./Sources/Events.o
 .debug_macro   0x0000e99e      0x211 ./Sources/main.o
 .debug_macro   0x0000ebaf      0x121 ./Project_Settings/Startup_Code/startup.o
 .debug_macro   0x0000ecd0      0x166 ./Project_Settings/Startup_Code/startup.o
 .debug_macro   0x0000ee36       0x4a ./Project_Settings/Startup_Code/startup.o
 .debug_macro   0x0000ee80       0x52 ./Project_Settings/Startup_Code/startup.o
 .debug_macro   0x0000eed2       0x16 ./Project_Settings/Startup_Code/startup.o
 .debug_macro   0x0000eee8       0x43 ./Project_Settings/Startup_Code/startup.o
 .debug_macro   0x0000ef2b      0x180 ./Project_Settings/Startup_Code/startup.o
 .debug_macro   0x0000f0ab      0x2a6 ./Project_Settings/Startup_Code/startup.o
 .debug_macro   0x0000f351       0x10 ./Project_Settings/Startup_Code/startup.o
 .debug_macro   0x0000f361       0x35 ./Project_Settings/Startup_Code/startup.o
 .debug_macro   0x0000f396       0x16 ./Project_Settings/Startup_Code/startup.o
 .debug_macro   0x0000f3ac       0x22 ./Project_Settings/Startup_Code/startup.o
 .debug_macro   0x0000f3ce       0x10 ./Project_Settings/Startup_Code/startup.o
 .debug_macro   0x0000f3de      0x20f ./Project_Settings/Startup_Code/startup.o
 .debug_macro   0x0000f5ed     0x5392 ./Project_Settings/Startup_Code/startup.o
 .debug_macro   0x0001497f      0x157 ./Generated_Code/CAN1.o
 .debug_macro   0x00014ad6      0x634 ./Generated_Code/CAN1.o
 .debug_macro   0x0001510a      0x13d ./Generated_Code/Cpu.o
 .debug_macro   0x00015247      0x112 ./Generated_Code/PE_LDD.o

.debug_line     0x00000000     0x2311
 .debug_line    0x00000000      0x401 ./Static_Code/System/CPU_Init.o
 .debug_line    0x00000401      0x678 ./Static_Code/System/Vectors.o
 .debug_line    0x00000a79      0x4a0 ./Sources/Events.o
 .debug_line    0x00000f19      0x4ab ./Sources/main.o
 .debug_line    0x000013c4      0x3c6 ./Project_Settings/Startup_Code/startup.o
 .debug_line    0x0000178a      0x4e1 ./Generated_Code/CAN1.o
 .debug_line    0x00001c6b      0x370 ./Generated_Code/Cpu.o
 .debug_line    0x00001fdb      0x336 ./Generated_Code/PE_LDD.o

.debug_str      0x00000000    0x894e0
 .debug_str     0x00000000    0x264f4 ./Static_Code/System/CPU_Init.o
                              0x268f2 (size before relaxing)
 .debug_str     0x000264f4      0xbf4 ./Static_Code/System/Vectors.o
                              0x2712f (size before relaxing)
 .debug_str     0x000270e8    0x5fb5f ./Sources/Events.o
                              0x8604c (size before relaxing)
 .debug_str     0x00086c47      0x299 ./Sources/main.o
                              0x862cd (size before relaxing)
 .debug_str     0x00086ee0     0x21a2 ./Project_Settings/Startup_Code/startup.o
                              0x20e42 (size before relaxing)
 .debug_str     0x00089082      0x2e0 ./Generated_Code/CAN1.o
                              0x2d8c0 (size before relaxing)
 .debug_str     0x00089362       0x18 ./Generated_Code/Cpu.o
                              0x26508 (size before relaxing)
 .debug_str     0x0008937a      0x166 ./Generated_Code/PE_LDD.o
                              0x266b1 (size before relaxing)

.comment        0x00000000       0x70
 .comment       0x00000000       0x70 ./Static_Code/System/CPU_Init.o
                                 0x71 (size before relaxing)
 .comment       0x00000000       0x71 ./Static_Code/System/Vectors.o
 .comment       0x00000000       0x71 ./Sources/Events.o
 .comment       0x00000000       0x71 ./Sources/main.o
 .comment       0x00000000       0x71 ./Project_Settings/Startup_Code/startup.o
 .comment       0x00000000       0x71 ./Generated_Code/CAN1.o
 .comment       0x00000000       0x71 ./Generated_Code/Cpu.o
 .comment       0x00000000       0x71 ./Generated_Code/PE_LDD.o

.debug_frame    0x00000000      0x948
 .debug_frame   0x00000000       0x84 ./Static_Code/System/CPU_Init.o
 .debug_frame   0x00000084      0x534 ./Static_Code/System/Vectors.o
 .debug_frame   0x000005b8       0x6c ./Sources/Events.o
 .debug_frame   0x00000624       0x30 ./Sources/main.o
 .debug_frame   0x00000654       0xd0 ./Project_Settings/Startup_Code/startup.o
 .debug_frame   0x00000724       0xd0 ./Generated_Code/CAN1.o
 .debug_frame   0x000007f4       0x2c ./Generated_Code/Cpu.o
 .debug_frame   0x00000820       0x6c ./Generated_Code/PE_LDD.o
 .debug_frame   0x0000088c       0x28 /opt/Freescale/KDS_v3/toolchain/bin/../lib/gcc/arm-none-eabi/4.8.4/../../../../arm-none-eabi/lib/armv6-m/libg_s.a(lib_a-exit.o)
 .debug_frame   0x000008b4       0x2c /opt/Freescale/KDS_v3/toolchain/bin/../lib/gcc/arm-none-eabi/4.8.4/../../../../arm-none-eabi/lib/armv6-m/libg_s.a(lib_a-init.o)
 .debug_frame   0x000008e0       0x28 /opt/Freescale/KDS_v3/toolchain/bin/../lib/gcc/arm-none-eabi/4.8.4/../../../../arm-none-eabi/lib/armv6-m/libg_s.a(lib_a-memcpy-stub.o)
 .debug_frame   0x00000908       0x20 /opt/Freescale/KDS_v3/toolchain/bin/../lib/gcc/arm-none-eabi/4.8.4/../../../../arm-none-eabi/lib/armv6-m/libg_s.a(lib_a-memset.o)
 .debug_frame   0x00000928       0x20 /opt/Freescale/KDS_v3/toolchain/bin/../lib/gcc/arm-none-eabi/4.8.4/../../../../arm-none-eabi/lib/armv6-m/libnosys.a(_exit.o)
